PS C:\Users\han10\Desktop\GitHub_Tutorial\git_challenge> git init
Initialized empty Git repository in C:/Users/han10/Desktop/GitHub_Tutorial/git_challenge/.git/
PS C:\Users\han10\Desktop\GitHub_Tutorial\git_challenge> echo "Hello,  world!" >> hello_world.txt
PS C:\Users\han10\Desktop\GitHub_Tutorial\git_challenge> git add hello_world.txt
PS C:\Users\han10\Desktop\GitHub_Tutorial\git_challenge> git commit -m "hello_world.txtを追加"
[main (root-commit) 8ac1205] hello_world.txtを追加
 1 file changed, 0 insertions(+), 0 deletions(-)
 create mode 100644 hello_world.txt
PS C:\Users\han10\Desktop\GitHub_Tutorial\git_challenge> echo "こんにちは、世界！" >> hello_world.txt
PS C:\Users\han10\Desktop\GitHub_Tutorial\git_challenge> git add hello_world.txt
PS C:\Users\han10\Desktop\GitHub_Tutorial\git_challenge> git commit -m "日本語訳を追記"
[main f42182f] 日本語訳を追記
 1 file changed, 0 insertions(+), 0 deletions(-)
PS C:\Users\han10\Desktop\GitHub_Tutorial\git_challenge> git log --oneline
f42182f (HEAD -> main) 日本語訳を追記
8ac1205 hello_world.txtを追加